[0.230s] DEBUG:colcon:Command line arguments: ['/usr/bin/colcon', 'build']
[0.230s] DEBUG:colcon:Parsed command line arguments: Namespace(log_base=None, log_level=None, verb_name='build', build_base='build', install_base='install', merge_install=False, symlink_install=False, test_result_base=None, continue_on_error=False, executor='parallel', parallel_workers=12, event_handlers=None, ignore_user_meta=False, metas=['./colcon.meta'], base_paths=['.'], packages_ignore=None, packages_ignore_regex=None, paths=None, packages_up_to=None, packages_up_to_regex=None, packages_above=None, packages_above_and_dependencies=None, packages_above_depth=None, packages_select_by_dep=None, packages_skip_by_dep=None, packages_skip_up_to=None, packages_select_build_failed=False, packages_skip_build_finished=False, packages_select_test_failures=False, packages_skip_test_passed=False, packages_select=None, packages_skip=None, packages_select_regex=None, packages_skip_regex=None, packages_start=None, packages_end=None, cmake_args=None, cmake_target=None, cmake_target_skip_unavailable=False, cmake_clean_cache=False, cmake_clean_first=False, cmake_force_configure=False, ament_cmake_args=None, catkin_cmake_args=None, catkin_skip_building_tests=False, mixin_files=None, mixin=None, verb_parser=<colcon_mixin.mixin.mixin_argument.MixinArgumentDecorator object at 0x7fb203b6de70>, verb_extension=<colcon_core.verb.build.BuildVerb object at 0x7fb203b6ce20>, main=<bound method BuildVerb.main of <colcon_core.verb.build.BuildVerb object at 0x7fb203b6ce20>>, mixin_verb=('build',))
[0.600s] Level 1:colcon.colcon_core.package_discovery:discover_packages(colcon_meta) check parameters
[0.602s] INFO:colcon.colcon_metadata.package_discovery.colcon_meta:Using configuration from '/root/.colcon/metadata/default/Gazebo.meta'
[0.603s] INFO:colcon.colcon_metadata.package_discovery.colcon_meta:Using configuration from '/root/.colcon/metadata/default/fastrtps.meta'
[0.604s] Level 1:colcon.colcon_core.package_discovery:discover_packages(recursive) check parameters
[0.604s] Level 1:colcon.colcon_core.package_discovery:discover_packages(ignore) check parameters
[0.604s] Level 1:colcon.colcon_core.package_discovery:discover_packages(path) check parameters
[0.604s] Level 1:colcon.colcon_core.package_discovery:discover_packages(colcon_meta) discover
[0.604s] Level 1:colcon.colcon_core.package_discovery:discover_packages(recursive) discover
[0.604s] INFO:colcon.colcon_core.package_discovery:Crawling recursively for packages in '/workspace'
[0.604s] Level 1:colcon.colcon_core.package_identification:_identify(.) by extensions ['ignore', 'ignore_ament_install']
[0.604s] Level 1:colcon.colcon_core.package_identification:_identify(.) by extension 'ignore'
[0.604s] Level 1:colcon.colcon_core.package_identification:_identify(.) by extension 'ignore_ament_install'
[0.605s] Level 1:colcon.colcon_core.package_identification:_identify(.) by extensions ['colcon_pkg']
[0.605s] Level 1:colcon.colcon_core.package_identification:_identify(.) by extension 'colcon_pkg'
[0.605s] Level 1:colcon.colcon_core.package_identification:_identify(.) by extensions ['colcon_meta']
[0.605s] Level 1:colcon.colcon_core.package_identification:_identify(.) by extension 'colcon_meta'
[0.605s] Level 1:colcon.colcon_core.package_identification:_identify(.) by extensions ['ros']
[0.605s] Level 1:colcon.colcon_core.package_identification:_identify(.) by extension 'ros'
[0.623s] Level 1:colcon.colcon_core.package_identification:_identify(.) by extensions ['cmake', 'python']
[0.623s] Level 1:colcon.colcon_core.package_identification:_identify(.) by extension 'cmake'
[0.624s] Level 1:colcon.colcon_core.package_identification:_identify(.) by extension 'python'
[0.624s] Level 1:colcon.colcon_core.package_identification:_identify(.) by extensions ['python_setup_py']
[0.624s] Level 1:colcon.colcon_core.package_identification:_identify(.) by extension 'python_setup_py'
[0.624s] Level 1:colcon.colcon_core.package_identification:_identify(build) by extensions ['ignore', 'ignore_ament_install']
[0.624s] Level 1:colcon.colcon_core.package_identification:_identify(build) by extension 'ignore'
[0.624s] Level 1:colcon.colcon_core.package_identification:_identify(build) ignored
[0.624s] Level 1:colcon.colcon_core.package_identification:_identify(install) by extensions ['ignore', 'ignore_ament_install']
[0.624s] Level 1:colcon.colcon_core.package_identification:_identify(install) by extension 'ignore'
[0.624s] Level 1:colcon.colcon_core.package_identification:_identify(install) ignored
[0.625s] Level 1:colcon.colcon_core.package_identification:_identify(log) by extensions ['ignore', 'ignore_ament_install']
[0.625s] Level 1:colcon.colcon_core.package_identification:_identify(log) by extension 'ignore'
[0.625s] Level 1:colcon.colcon_core.package_identification:_identify(log) ignored
[0.625s] Level 1:colcon.colcon_core.package_identification:_identify(models) by extensions ['ignore', 'ignore_ament_install']
[0.625s] Level 1:colcon.colcon_core.package_identification:_identify(models) by extension 'ignore'
[0.625s] Level 1:colcon.colcon_core.package_identification:_identify(models) by extension 'ignore_ament_install'
[0.625s] Level 1:colcon.colcon_core.package_identification:_identify(models) by extensions ['colcon_pkg']
[0.625s] Level 1:colcon.colcon_core.package_identification:_identify(models) by extension 'colcon_pkg'
[0.625s] Level 1:colcon.colcon_core.package_identification:_identify(models) by extensions ['colcon_meta']
[0.625s] Level 1:colcon.colcon_core.package_identification:_identify(models) by extension 'colcon_meta'
[0.625s] Level 1:colcon.colcon_core.package_identification:_identify(models) by extensions ['ros']
[0.626s] Level 1:colcon.colcon_core.package_identification:_identify(models) by extension 'ros'
[0.626s] Level 1:colcon.colcon_core.package_identification:_identify(models) by extensions ['cmake', 'python']
[0.626s] Level 1:colcon.colcon_core.package_identification:_identify(models) by extension 'cmake'
[0.626s] Level 1:colcon.colcon_core.package_identification:_identify(models) by extension 'python'
[0.626s] Level 1:colcon.colcon_core.package_identification:_identify(models) by extensions ['python_setup_py']
[0.626s] Level 1:colcon.colcon_core.package_identification:_identify(models) by extension 'python_setup_py'
[0.626s] Level 1:colcon.colcon_core.package_identification:_identify(models/puppybot) by extensions ['ignore', 'ignore_ament_install']
[0.626s] Level 1:colcon.colcon_core.package_identification:_identify(models/puppybot) by extension 'ignore'
[0.627s] Level 1:colcon.colcon_core.package_identification:_identify(models/puppybot) by extension 'ignore_ament_install'
[0.627s] Level 1:colcon.colcon_core.package_identification:_identify(models/puppybot) by extensions ['colcon_pkg']
[0.627s] Level 1:colcon.colcon_core.package_identification:_identify(models/puppybot) by extension 'colcon_pkg'
[0.627s] Level 1:colcon.colcon_core.package_identification:_identify(models/puppybot) by extensions ['colcon_meta']
[0.627s] Level 1:colcon.colcon_core.package_identification:_identify(models/puppybot) by extension 'colcon_meta'
[0.627s] Level 1:colcon.colcon_core.package_identification:_identify(models/puppybot) by extensions ['ros']
[0.627s] Level 1:colcon.colcon_core.package_identification:_identify(models/puppybot) by extension 'ros'
[0.627s] Level 1:colcon.colcon_core.package_identification:_identify(models/puppybot) by extensions ['cmake', 'python']
[0.627s] Level 1:colcon.colcon_core.package_identification:_identify(models/puppybot) by extension 'cmake'
[0.628s] Level 1:colcon.colcon_core.package_identification:_identify(models/puppybot) by extension 'python'
[0.628s] Level 1:colcon.colcon_core.package_identification:_identify(models/puppybot) by extensions ['python_setup_py']
[0.628s] Level 1:colcon.colcon_core.package_identification:_identify(models/puppybot) by extension 'python_setup_py'
[0.628s] Level 1:colcon.colcon_core.package_identification:_identify(models/puppybot/meshes) by extensions ['ignore', 'ignore_ament_install']
[0.629s] Level 1:colcon.colcon_core.package_identification:_identify(models/puppybot/meshes) by extension 'ignore'
[0.629s] Level 1:colcon.colcon_core.package_identification:_identify(models/puppybot/meshes) by extension 'ignore_ament_install'
[0.629s] Level 1:colcon.colcon_core.package_identification:_identify(models/puppybot/meshes) by extensions ['colcon_pkg']
[0.629s] Level 1:colcon.colcon_core.package_identification:_identify(models/puppybot/meshes) by extension 'colcon_pkg'
[0.629s] Level 1:colcon.colcon_core.package_identification:_identify(models/puppybot/meshes) by extensions ['colcon_meta']
[0.629s] Level 1:colcon.colcon_core.package_identification:_identify(models/puppybot/meshes) by extension 'colcon_meta'
[0.629s] Level 1:colcon.colcon_core.package_identification:_identify(models/puppybot/meshes) by extensions ['ros']
[0.629s] Level 1:colcon.colcon_core.package_identification:_identify(models/puppybot/meshes) by extension 'ros'
[0.629s] Level 1:colcon.colcon_core.package_identification:_identify(models/puppybot/meshes) by extensions ['cmake', 'python']
[0.629s] Level 1:colcon.colcon_core.package_identification:_identify(models/puppybot/meshes) by extension 'cmake'
[0.630s] Level 1:colcon.colcon_core.package_identification:_identify(models/puppybot/meshes) by extension 'python'
[0.630s] Level 1:colcon.colcon_core.package_identification:_identify(models/puppybot/meshes) by extensions ['python_setup_py']
[0.630s] Level 1:colcon.colcon_core.package_identification:_identify(models/puppybot/meshes) by extension 'python_setup_py'
[0.630s] Level 1:colcon.colcon_core.package_identification:_identify(src) by extensions ['ignore', 'ignore_ament_install']
[0.630s] Level 1:colcon.colcon_core.package_identification:_identify(src) by extension 'ignore'
[0.631s] Level 1:colcon.colcon_core.package_identification:_identify(src) by extension 'ignore_ament_install'
[0.631s] Level 1:colcon.colcon_core.package_identification:_identify(src) by extensions ['colcon_pkg']
[0.631s] Level 1:colcon.colcon_core.package_identification:_identify(src) by extension 'colcon_pkg'
[0.631s] Level 1:colcon.colcon_core.package_identification:_identify(src) by extensions ['colcon_meta']
[0.631s] Level 1:colcon.colcon_core.package_identification:_identify(src) by extension 'colcon_meta'
[0.631s] Level 1:colcon.colcon_core.package_identification:_identify(src) by extensions ['ros']
[0.632s] Level 1:colcon.colcon_core.package_identification:_identify(src) by extension 'ros'
[0.632s] Level 1:colcon.colcon_core.package_identification:_identify(src) by extensions ['cmake', 'python']
[0.633s] Level 1:colcon.colcon_core.package_identification:_identify(src) by extension 'cmake'
[0.633s] Level 1:colcon.colcon_core.package_identification:_identify(src) by extension 'python'
[0.633s] Level 1:colcon.colcon_core.package_identification:_identify(src) by extensions ['python_setup_py']
[0.634s] Level 1:colcon.colcon_core.package_identification:_identify(src) by extension 'python_setup_py'
[0.634s] Level 1:colcon.colcon_core.package_identification:_identify(src/puppy_description) by extensions ['ignore', 'ignore_ament_install']
[0.635s] Level 1:colcon.colcon_core.package_identification:_identify(src/puppy_description) by extension 'ignore'
[0.635s] Level 1:colcon.colcon_core.package_identification:_identify(src/puppy_description) by extension 'ignore_ament_install'
[0.635s] Level 1:colcon.colcon_core.package_identification:_identify(src/puppy_description) by extensions ['colcon_pkg']
[0.635s] Level 1:colcon.colcon_core.package_identification:_identify(src/puppy_description) by extension 'colcon_pkg'
[0.635s] Level 1:colcon.colcon_core.package_identification:_identify(src/puppy_description) by extensions ['colcon_meta']
[0.635s] Level 1:colcon.colcon_core.package_identification:_identify(src/puppy_description) by extension 'colcon_meta'
[0.635s] Level 1:colcon.colcon_core.package_identification:_identify(src/puppy_description) by extensions ['ros']
[0.635s] Level 1:colcon.colcon_core.package_identification:_identify(src/puppy_description) by extension 'ros'
[0.640s] DEBUG:colcon.colcon_core.package_identification:Package 'src/puppy_description' with type 'ros.ament_cmake' and name 'puppy_description'
[0.641s] Level 1:colcon.colcon_core.package_identification:_identify(tmp) by extensions ['ignore', 'ignore_ament_install']
[0.641s] Level 1:colcon.colcon_core.package_identification:_identify(tmp) by extension 'ignore'
[0.641s] Level 1:colcon.colcon_core.package_identification:_identify(tmp) by extension 'ignore_ament_install'
[0.641s] Level 1:colcon.colcon_core.package_identification:_identify(tmp) by extensions ['colcon_pkg']
[0.641s] Level 1:colcon.colcon_core.package_identification:_identify(tmp) by extension 'colcon_pkg'
[0.641s] Level 1:colcon.colcon_core.package_identification:_identify(tmp) by extensions ['colcon_meta']
[0.642s] Level 1:colcon.colcon_core.package_identification:_identify(tmp) by extension 'colcon_meta'
[0.642s] Level 1:colcon.colcon_core.package_identification:_identify(tmp) by extensions ['ros']
[0.642s] Level 1:colcon.colcon_core.package_identification:_identify(tmp) by extension 'ros'
[0.642s] Level 1:colcon.colcon_core.package_identification:_identify(tmp) by extensions ['cmake', 'python']
[0.642s] Level 1:colcon.colcon_core.package_identification:_identify(tmp) by extension 'cmake'
[0.642s] Level 1:colcon.colcon_core.package_identification:_identify(tmp) by extension 'python'
[0.642s] Level 1:colcon.colcon_core.package_identification:_identify(tmp) by extensions ['python_setup_py']
[0.642s] Level 1:colcon.colcon_core.package_identification:_identify(tmp) by extension 'python_setup_py'
[0.642s] Level 1:colcon.colcon_core.package_identification:_identify(tmp/puppypi_ros2_attempt) by extensions ['ignore', 'ignore_ament_install']
[0.642s] Level 1:colcon.colcon_core.package_identification:_identify(tmp/puppypi_ros2_attempt) by extension 'ignore'
[0.642s] Level 1:colcon.colcon_core.package_identification:_identify(tmp/puppypi_ros2_attempt) by extension 'ignore_ament_install'
[0.643s] Level 1:colcon.colcon_core.package_identification:_identify(tmp/puppypi_ros2_attempt) by extensions ['colcon_pkg']
[0.643s] Level 1:colcon.colcon_core.package_identification:_identify(tmp/puppypi_ros2_attempt) by extension 'colcon_pkg'
[0.643s] Level 1:colcon.colcon_core.package_identification:_identify(tmp/puppypi_ros2_attempt) by extensions ['colcon_meta']
[0.643s] Level 1:colcon.colcon_core.package_identification:_identify(tmp/puppypi_ros2_attempt) by extension 'colcon_meta'
[0.643s] Level 1:colcon.colcon_core.package_identification:_identify(tmp/puppypi_ros2_attempt) by extensions ['ros']
[0.643s] Level 1:colcon.colcon_core.package_identification:_identify(tmp/puppypi_ros2_attempt) by extension 'ros'
[0.643s] Level 1:colcon.colcon_core.package_identification:_identify(tmp/puppypi_ros2_attempt) by extensions ['cmake', 'python']
[0.643s] Level 1:colcon.colcon_core.package_identification:_identify(tmp/puppypi_ros2_attempt) by extension 'cmake'
[0.643s] Level 1:colcon.colcon_core.package_identification:_identify(tmp/puppypi_ros2_attempt) by extension 'python'
[0.643s] Level 1:colcon.colcon_core.package_identification:_identify(tmp/puppypi_ros2_attempt) by extensions ['python_setup_py']
[0.643s] Level 1:colcon.colcon_core.package_identification:_identify(tmp/puppypi_ros2_attempt) by extension 'python_setup_py'
[0.644s] Level 1:colcon.colcon_core.package_identification:_identify(tmp/puppypi_ros2_attempt/robodog) by extensions ['ignore', 'ignore_ament_install']
[0.644s] Level 1:colcon.colcon_core.package_identification:_identify(tmp/puppypi_ros2_attempt/robodog) by extension 'ignore'
[0.644s] Level 1:colcon.colcon_core.package_identification:_identify(tmp/puppypi_ros2_attempt/robodog) by extension 'ignore_ament_install'
[0.644s] Level 1:colcon.colcon_core.package_identification:_identify(tmp/puppypi_ros2_attempt/robodog) by extensions ['colcon_pkg']
[0.644s] Level 1:colcon.colcon_core.package_identification:_identify(tmp/puppypi_ros2_attempt/robodog) by extension 'colcon_pkg'
[0.644s] Level 1:colcon.colcon_core.package_identification:_identify(tmp/puppypi_ros2_attempt/robodog) by extensions ['colcon_meta']
[0.644s] Level 1:colcon.colcon_core.package_identification:_identify(tmp/puppypi_ros2_attempt/robodog) by extension 'colcon_meta'
[0.644s] Level 1:colcon.colcon_core.package_identification:_identify(tmp/puppypi_ros2_attempt/robodog) by extensions ['ros']
[0.644s] Level 1:colcon.colcon_core.package_identification:_identify(tmp/puppypi_ros2_attempt/robodog) by extension 'ros'
[0.644s] Level 1:colcon.colcon_core.package_identification:_identify(tmp/puppypi_ros2_attempt/robodog) by extensions ['cmake', 'python']
[0.644s] Level 1:colcon.colcon_core.package_identification:_identify(tmp/puppypi_ros2_attempt/robodog) by extension 'cmake'
[0.644s] Level 1:colcon.colcon_core.package_identification:_identify(tmp/puppypi_ros2_attempt/robodog) by extension 'python'
[0.645s] Level 1:colcon.colcon_core.package_identification:_identify(tmp/puppypi_ros2_attempt/robodog) by extensions ['python_setup_py']
[0.645s] Level 1:colcon.colcon_core.package_identification:_identify(tmp/puppypi_ros2_attempt/robodog) by extension 'python_setup_py'
[0.645s] Level 1:colcon.colcon_core.package_identification:_identify(tmp/puppypi_ros2_attempt/robodog/docs) by extensions ['ignore', 'ignore_ament_install']
[0.646s] Level 1:colcon.colcon_core.package_identification:_identify(tmp/puppypi_ros2_attempt/robodog/docs) by extension 'ignore'
[0.646s] Level 1:colcon.colcon_core.package_identification:_identify(tmp/puppypi_ros2_attempt/robodog/docs) by extension 'ignore_ament_install'
[0.646s] Level 1:colcon.colcon_core.package_identification:_identify(tmp/puppypi_ros2_attempt/robodog/docs) by extensions ['colcon_pkg']
[0.646s] Level 1:colcon.colcon_core.package_identification:_identify(tmp/puppypi_ros2_attempt/robodog/docs) by extension 'colcon_pkg'
[0.646s] Level 1:colcon.colcon_core.package_identification:_identify(tmp/puppypi_ros2_attempt/robodog/docs) by extensions ['colcon_meta']
[0.646s] Level 1:colcon.colcon_core.package_identification:_identify(tmp/puppypi_ros2_attempt/robodog/docs) by extension 'colcon_meta'
[0.646s] Level 1:colcon.colcon_core.package_identification:_identify(tmp/puppypi_ros2_attempt/robodog/docs) by extensions ['ros']
[0.646s] Level 1:colcon.colcon_core.package_identification:_identify(tmp/puppypi_ros2_attempt/robodog/docs) by extension 'ros'
[0.647s] Level 1:colcon.colcon_core.package_identification:_identify(tmp/puppypi_ros2_attempt/robodog/docs) by extensions ['cmake', 'python']
[0.647s] Level 1:colcon.colcon_core.package_identification:_identify(tmp/puppypi_ros2_attempt/robodog/docs) by extension 'cmake'
[0.647s] Level 1:colcon.colcon_core.package_identification:_identify(tmp/puppypi_ros2_attempt/robodog/docs) by extension 'python'
[0.647s] Level 1:colcon.colcon_core.package_identification:_identify(tmp/puppypi_ros2_attempt/robodog/docs) by extensions ['python_setup_py']
[0.647s] Level 1:colcon.colcon_core.package_identification:_identify(tmp/puppypi_ros2_attempt/robodog/docs) by extension 'python_setup_py'
[0.647s] Level 1:colcon.colcon_core.package_identification:_identify(tmp/puppypi_ros2_attempt/robodog/puppy_description) by extensions ['ignore', 'ignore_ament_install']
[0.647s] Level 1:colcon.colcon_core.package_identification:_identify(tmp/puppypi_ros2_attempt/robodog/puppy_description) by extension 'ignore'
[0.647s] Level 1:colcon.colcon_core.package_identification:_identify(tmp/puppypi_ros2_attempt/robodog/puppy_description) by extension 'ignore_ament_install'
[0.647s] Level 1:colcon.colcon_core.package_identification:_identify(tmp/puppypi_ros2_attempt/robodog/puppy_description) by extensions ['colcon_pkg']
[0.647s] Level 1:colcon.colcon_core.package_identification:_identify(tmp/puppypi_ros2_attempt/robodog/puppy_description) by extension 'colcon_pkg'
[0.648s] Level 1:colcon.colcon_core.package_identification:_identify(tmp/puppypi_ros2_attempt/robodog/puppy_description) by extensions ['colcon_meta']
[0.648s] Level 1:colcon.colcon_core.package_identification:_identify(tmp/puppypi_ros2_attempt/robodog/puppy_description) by extension 'colcon_meta'
[0.648s] Level 1:colcon.colcon_core.package_identification:_identify(tmp/puppypi_ros2_attempt/robodog/puppy_description) by extensions ['ros']
[0.648s] Level 1:colcon.colcon_core.package_identification:_identify(tmp/puppypi_ros2_attempt/robodog/puppy_description) by extension 'ros'
[0.654s] DEBUG:colcon.colcon_core.package_identification:Package 'tmp/puppypi_ros2_attempt/robodog/puppy_description' with type 'ros.ament_cmake' and name 'puppy_description'
[0.655s] Level 1:colcon.colcon_core.package_identification:_identify(tmp/robodog_ros1) by extensions ['ignore', 'ignore_ament_install']
[0.655s] Level 1:colcon.colcon_core.package_identification:_identify(tmp/robodog_ros1) by extension 'ignore'
[0.655s] Level 1:colcon.colcon_core.package_identification:_identify(tmp/robodog_ros1) by extension 'ignore_ament_install'
[0.655s] Level 1:colcon.colcon_core.package_identification:_identify(tmp/robodog_ros1) by extensions ['colcon_pkg']
[0.656s] Level 1:colcon.colcon_core.package_identification:_identify(tmp/robodog_ros1) by extension 'colcon_pkg'
[0.656s] Level 1:colcon.colcon_core.package_identification:_identify(tmp/robodog_ros1) by extensions ['colcon_meta']
[0.656s] Level 1:colcon.colcon_core.package_identification:_identify(tmp/robodog_ros1) by extension 'colcon_meta'
[0.656s] Level 1:colcon.colcon_core.package_identification:_identify(tmp/robodog_ros1) by extensions ['ros']
[0.656s] Level 1:colcon.colcon_core.package_identification:_identify(tmp/robodog_ros1) by extension 'ros'
[0.656s] Level 1:colcon.colcon_core.package_identification:_identify(tmp/robodog_ros1) by extensions ['cmake', 'python']
[0.656s] Level 1:colcon.colcon_core.package_identification:_identify(tmp/robodog_ros1) by extension 'cmake'
[0.656s] Level 1:colcon.colcon_core.package_identification:_identify(tmp/robodog_ros1) by extension 'python'
[0.656s] Level 1:colcon.colcon_core.package_identification:_identify(tmp/robodog_ros1) by extensions ['python_setup_py']
[0.657s] Level 1:colcon.colcon_core.package_identification:_identify(tmp/robodog_ros1) by extension 'python_setup_py'
[0.657s] Level 1:colcon.colcon_core.package_identification:_identify(tmp/robodog_ros1/puppy_description) by extensions ['ignore', 'ignore_ament_install']
[0.657s] Level 1:colcon.colcon_core.package_identification:_identify(tmp/robodog_ros1/puppy_description) by extension 'ignore'
[0.657s] Level 1:colcon.colcon_core.package_identification:_identify(tmp/robodog_ros1/puppy_description) by extension 'ignore_ament_install'
[0.657s] Level 1:colcon.colcon_core.package_identification:_identify(tmp/robodog_ros1/puppy_description) by extensions ['colcon_pkg']
[0.657s] Level 1:colcon.colcon_core.package_identification:_identify(tmp/robodog_ros1/puppy_description) by extension 'colcon_pkg'
[0.657s] Level 1:colcon.colcon_core.package_identification:_identify(tmp/robodog_ros1/puppy_description) by extensions ['colcon_meta']
[0.657s] Level 1:colcon.colcon_core.package_identification:_identify(tmp/robodog_ros1/puppy_description) by extension 'colcon_meta'
[0.657s] Level 1:colcon.colcon_core.package_identification:_identify(tmp/robodog_ros1/puppy_description) by extensions ['ros']
[0.657s] Level 1:colcon.colcon_core.package_identification:_identify(tmp/robodog_ros1/puppy_description) by extension 'ros'
[0.659s] DEBUG:colcon.colcon_core.package_identification:Package 'tmp/robodog_ros1/puppy_description' with type 'ros.catkin' and name 'puppy_description'
[0.659s] Level 1:colcon.colcon_core.package_identification:_identify(tmp/robodog_ros1/puppy_joystick) by extensions ['ignore', 'ignore_ament_install']
[0.659s] Level 1:colcon.colcon_core.package_identification:_identify(tmp/robodog_ros1/puppy_joystick) by extension 'ignore'
[0.659s] Level 1:colcon.colcon_core.package_identification:_identify(tmp/robodog_ros1/puppy_joystick) by extension 'ignore_ament_install'
[0.659s] Level 1:colcon.colcon_core.package_identification:_identify(tmp/robodog_ros1/puppy_joystick) by extensions ['colcon_pkg']
[0.659s] Level 1:colcon.colcon_core.package_identification:_identify(tmp/robodog_ros1/puppy_joystick) by extension 'colcon_pkg'
[0.659s] Level 1:colcon.colcon_core.package_identification:_identify(tmp/robodog_ros1/puppy_joystick) by extensions ['colcon_meta']
[0.659s] Level 1:colcon.colcon_core.package_identification:_identify(tmp/robodog_ros1/puppy_joystick) by extension 'colcon_meta'
[0.659s] Level 1:colcon.colcon_core.package_identification:_identify(tmp/robodog_ros1/puppy_joystick) by extensions ['ros']
[0.659s] Level 1:colcon.colcon_core.package_identification:_identify(tmp/robodog_ros1/puppy_joystick) by extension 'ros'
[0.661s] DEBUG:colcon.colcon_core.package_identification:Package 'tmp/robodog_ros1/puppy_joystick' with type 'ros.catkin' and name 'puppy_joystick'
[0.661s] Level 1:colcon.colcon_core.package_discovery:discover_packages(recursive) using defaults
[0.662s] Level 1:colcon.colcon_core.package_discovery:discover_packages(ignore) discover
[0.662s] Level 1:colcon.colcon_core.package_discovery:discover_packages(ignore) using defaults
[0.663s] Level 1:colcon.colcon_core.package_discovery:discover_packages(path) discover
[0.663s] Level 1:colcon.colcon_core.package_discovery:discover_packages(path) using defaults
[0.702s] ERROR:colcon:colcon build: Duplicate package names not supported:
- puppy_description:
  - src/puppy_description
  - tmp/puppypi_ros2_attempt/robodog/puppy_description
  - tmp/robodog_ros1/puppy_description
