[0.023s] Invoking command in '/workspace/build/puppy_description': CMAKE_PREFIX_PATH=/opt/ros/humble /usr/bin/cmake /workspace/src/puppy_description -DCMAKE_INSTALL_PREFIX=/workspace/install/puppy_description
[0.114s] -- The C compiler identification is GNU 11.4.0
[0.190s] -- The CXX compiler identification is GNU 11.4.0
[0.201s] -- Detecting C compiler ABI info
[0.299s] -- Detecting C compiler ABI info - done
[0.309s] -- Check for working C compiler: /usr/bin/cc - skipped
[0.309s] -- Detecting C compile features
[0.310s] -- Detecting C compile features - done
[0.314s] -- Detecting CXX compiler ABI info
[0.431s] -- Detecting CXX compiler ABI info - done
[0.440s] -- Check for working CXX compiler: /usr/bin/c++ - skipped
[0.440s] -- Detecting CXX compile features
[0.441s] -- Detecting CXX compile features - done
[0.445s] -- Found ament_cmake: 1.3.11 (/opt/ros/humble/share/ament_cmake/cmake)
[0.649s] -- Found Python3: /usr/bin/python3 (found version "3.10.12") found components: Interpreter 
[0.876s] -- Configuring done
[0.882s] -- Generating done
[0.887s] -- Build files have been written to: /workspace/build/puppy_description
[0.895s] Invoked command in '/workspace/build/puppy_description' returned '0': CMAKE_PREFIX_PATH=/opt/ros/humble /usr/bin/cmake /workspace/src/puppy_description -DCMAKE_INSTALL_PREFIX=/workspace/install/puppy_description
[0.898s] Invoking command in '/workspace/build/puppy_description': CMAKE_PREFIX_PATH=/opt/ros/humble /usr/bin/cmake --build /workspace/build/puppy_description -- -j12 -l12
[0.951s] Invoked command in '/workspace/build/puppy_description' returned '0': CMAKE_PREFIX_PATH=/opt/ros/humble /usr/bin/cmake --build /workspace/build/puppy_description -- -j12 -l12
[0.965s] Invoking command in '/workspace/build/puppy_description': CMAKE_PREFIX_PATH=/opt/ros/humble /usr/bin/cmake --install /workspace/build/puppy_description
[0.974s] -- Install configuration: ""
[0.974s] -- Installing: /workspace/install/puppy_description/share/puppy_description/urdf
[0.976s] -- Installing: /workspace/install/puppy_description/share/puppy_description/urdf/puppy.transmission.xacro
[0.977s] -- Installing: /workspace/install/puppy_description/share/puppy_description/urdf/puppy.gazebo.xacro
[0.977s] -- Installing: /workspace/install/puppy_description/share/puppy_description/urdf/puppy.urdf.xacro
[0.977s] -- Installing: /workspace/install/puppy_description/share/puppy_description/urdf/materials.xacro
[0.977s] -- Installing: /workspace/install/puppy_description/share/puppy_description/meshes
[0.977s] -- Installing: /workspace/install/puppy_description/share/puppy_description/meshes/rf_link2.STL
[0.978s] -- Installing: /workspace/install/puppy_description/share/puppy_description/meshes/lf_link1.STL
[0.979s] -- Installing: /workspace/install/puppy_description/share/puppy_description/meshes/base_link.STL
[0.980s] -- Installing: /workspace/install/puppy_description/share/puppy_description/meshes/lb_link1.STL
[0.982s] -- Installing: /workspace/install/puppy_description/share/puppy_description/meshes/lf_link2.STL
[0.982s] -- Installing: /workspace/install/puppy_description/share/puppy_description/meshes/rb_link2.STL
[0.982s] -- Installing: /workspace/install/puppy_description/share/puppy_description/meshes/lb_link2.STL
[0.983s] -- Installing: /workspace/install/puppy_description/share/puppy_description/meshes/rb_link1.STL
[0.984s] -- Installing: /workspace/install/puppy_description/share/puppy_description/meshes/rf_link1.STL
[0.985s] -- Installing: /workspace/install/puppy_description/share/puppy_description/meshes/camera_link.STL
[0.985s] -- Installing: /workspace/install/puppy_description/share/puppy_description/launch
[0.986s] -- Installing: /workspace/install/puppy_description/share/puppy_description/launch/mesh_test.launch.py
[0.986s] -- Installing: /workspace/install/puppy_description/share/puppy_description/launch/gazebo_ignition.launch.py
[0.986s] -- Installing: /workspace/install/puppy_description/share/puppy_description/launch/test_gazebo.launch.py
[0.986s] -- Installing: /workspace/install/puppy_description/share/puppy_description/launch/simple_gazebo.launch.py
[0.986s] -- Installing: /workspace/install/puppy_description/share/puppy_description/launch/display.launch.py
[0.986s] -- Installing: /workspace/install/puppy_description/share/puppy_description/config
[0.988s] -- Installing: /workspace/install/puppy_description/share/puppy_description/config/gazebo_controllers.yaml
[0.988s] -- Installing: /workspace/install/puppy_description/share/puppy_description/config/display.rviz
[0.990s] -- Installing: /workspace/install/puppy_description/share/ament_index/resource_index/package_run_dependencies/puppy_description
[0.990s] -- Installing: /workspace/install/puppy_description/share/ament_index/resource_index/parent_prefix_path/puppy_description
[0.991s] -- Installing: /workspace/install/puppy_description/share/puppy_description/environment/ament_prefix_path.sh
[0.991s] -- Installing: /workspace/install/puppy_description/share/puppy_description/environment/ament_prefix_path.dsv
[0.991s] -- Installing: /workspace/install/puppy_description/share/puppy_description/environment/path.sh
[0.991s] -- Installing: /workspace/install/puppy_description/share/puppy_description/environment/path.dsv
[0.992s] -- Installing: /workspace/install/puppy_description/share/puppy_description/local_setup.bash
[0.992s] -- Installing: /workspace/install/puppy_description/share/puppy_description/local_setup.sh
[0.992s] -- Installing: /workspace/install/puppy_description/share/puppy_description/local_setup.zsh
[0.992s] -- Installing: /workspace/install/puppy_description/share/puppy_description/local_setup.dsv
[0.992s] -- Installing: /workspace/install/puppy_description/share/puppy_description/package.dsv
[0.993s] -- Installing: /workspace/install/puppy_description/share/ament_index/resource_index/packages/puppy_description
[0.993s] -- Installing: /workspace/install/puppy_description/share/puppy_description/cmake/puppy_descriptionConfig.cmake
[0.994s] -- Installing: /workspace/install/puppy_description/share/puppy_description/cmake/puppy_descriptionConfig-version.cmake
[0.994s] -- Installing: /workspace/install/puppy_description/share/puppy_description/package.xml
[0.997s] Invoked command in '/workspace/build/puppy_description' returned '0': CMAKE_PREFIX_PATH=/opt/ros/humble /usr/bin/cmake --install /workspace/build/puppy_description
