-- Install configuration: ""
-- Up-to-date: /workspace/install/puppy_description/share/puppy_description/urdf
-- Up-to-date: /workspace/install/puppy_description/share/puppy_description/urdf/puppy.transmission.xacro
-- Installing: /workspace/install/puppy_description/share/puppy_description/urdf/puppy.gazebo.xacro
-- Installing: /workspace/install/puppy_description/share/puppy_description/urdf/puppy.urdf.xacro
-- Up-to-date: /workspace/install/puppy_description/share/puppy_description/urdf/materials.xacro
-- Up-to-date: /workspace/install/puppy_description/share/puppy_description/meshes
-- Up-to-date: /workspace/install/puppy_description/share/puppy_description/meshes/rf_link2.STL
-- Up-to-date: /workspace/install/puppy_description/share/puppy_description/meshes/lf_link1.STL
-- Up-to-date: /workspace/install/puppy_description/share/puppy_description/meshes/base_link.STL
-- Up-to-date: /workspace/install/puppy_description/share/puppy_description/meshes/lb_link1.STL
-- Up-to-date: /workspace/install/puppy_description/share/puppy_description/meshes/lf_link2.STL
-- Up-to-date: /workspace/install/puppy_description/share/puppy_description/meshes/rb_link2.STL
-- Up-to-date: /workspace/install/puppy_description/share/puppy_description/meshes/lb_link2.STL
-- Up-to-date: /workspace/install/puppy_description/share/puppy_description/meshes/rb_link1.STL
-- Up-to-date: /workspace/install/puppy_description/share/puppy_description/meshes/rf_link1.STL
-- Up-to-date: /workspace/install/puppy_description/share/puppy_description/meshes/camera_link.STL
-- Up-to-date: /workspace/install/puppy_description/share/puppy_description/launch
-- Up-to-date: /workspace/install/puppy_description/share/puppy_description/launch/mesh_test.launch.py
-- Up-to-date: /workspace/install/puppy_description/share/puppy_description/launch/gazebo_ignition.launch.py
-- Up-to-date: /workspace/install/puppy_description/share/puppy_description/launch/test_gazebo.launch.py
-- Up-to-date: /workspace/install/puppy_description/share/puppy_description/launch/simple_gazebo.launch.py
-- Up-to-date: /workspace/install/puppy_description/share/puppy_description/launch/display.launch.py
-- Up-to-date: /workspace/install/puppy_description/share/puppy_description/config
-- Up-to-date: /workspace/install/puppy_description/share/puppy_description/config/gazebo_controllers.yaml
-- Up-to-date: /workspace/install/puppy_description/share/puppy_description/config/display.rviz
-- Up-to-date: /workspace/install/puppy_description/share/ament_index/resource_index/package_run_dependencies/puppy_description
-- Up-to-date: /workspace/install/puppy_description/share/ament_index/resource_index/parent_prefix_path/puppy_description
-- Up-to-date: /workspace/install/puppy_description/share/puppy_description/environment/ament_prefix_path.sh
-- Up-to-date: /workspace/install/puppy_description/share/puppy_description/environment/ament_prefix_path.dsv
-- Up-to-date: /workspace/install/puppy_description/share/puppy_description/environment/path.sh
-- Up-to-date: /workspace/install/puppy_description/share/puppy_description/environment/path.dsv
-- Up-to-date: /workspace/install/puppy_description/share/puppy_description/local_setup.bash
-- Up-to-date: /workspace/install/puppy_description/share/puppy_description/local_setup.sh
-- Up-to-date: /workspace/install/puppy_description/share/puppy_description/local_setup.zsh
-- Up-to-date: /workspace/install/puppy_description/share/puppy_description/local_setup.dsv
-- Up-to-date: /workspace/install/puppy_description/share/puppy_description/package.dsv
-- Up-to-date: /workspace/install/puppy_description/share/ament_index/resource_index/packages/puppy_description
-- Up-to-date: /workspace/install/puppy_description/share/puppy_description/cmake/puppy_descriptionConfig.cmake
-- Up-to-date: /workspace/install/puppy_description/share/puppy_description/cmake/puppy_descriptionConfig-version.cmake
-- Up-to-date: /workspace/install/puppy_description/share/puppy_description/package.xml
