[0.022s] Invoking command in '/workspace/build/puppy_description': CMAKE_PREFIX_PATH=/opt/ros/humble /usr/bin/cmake --build /workspace/build/puppy_description -- -j12 -l12
[0.079s] Invoked command in '/workspace/build/puppy_description' returned '0': CMAKE_PREFIX_PATH=/opt/ros/humble /usr/bin/cmake --build /workspace/build/puppy_description -- -j12 -l12
[0.091s] Invoking command in '/workspace/build/puppy_description': CMAKE_PREFIX_PATH=/opt/ros/humble /usr/bin/cmake --install /workspace/build/puppy_description
[0.109s] -- Install configuration: ""
[0.109s] -- Up-to-date: /workspace/install/puppy_description/share/puppy_description/urdf
[0.110s] -- Up-to-date: /workspace/install/puppy_description/share/puppy_description/urdf/puppy.transmission.xacro
[0.110s] -- Installing: /workspace/install/puppy_description/share/puppy_description/urdf/puppy.gazebo.xacro
[0.110s] -- Installing: /workspace/install/puppy_description/share/puppy_description/urdf/puppy.urdf.xacro
[0.111s] -- Up-to-date: /workspace/install/puppy_description/share/puppy_description/urdf/materials.xacro
[0.112s] -- Up-to-date: /workspace/install/puppy_description/share/puppy_description/meshes
[0.112s] -- Up-to-date: /workspace/install/puppy_description/share/puppy_description/meshes/rf_link2.STL
[0.112s] -- Up-to-date: /workspace/install/puppy_description/share/puppy_description/meshes/lf_link1.STL
[0.112s] -- Up-to-date: /workspace/install/puppy_description/share/puppy_description/meshes/base_link.STL
[0.112s] -- Up-to-date: /workspace/install/puppy_description/share/puppy_description/meshes/lb_link1.STL
[0.113s] -- Up-to-date: /workspace/install/puppy_description/share/puppy_description/meshes/lf_link2.STL
[0.113s] -- Up-to-date: /workspace/install/puppy_description/share/puppy_description/meshes/rb_link2.STL
[0.113s] -- Up-to-date: /workspace/install/puppy_description/share/puppy_description/meshes/lb_link2.STL
[0.113s] -- Up-to-date: /workspace/install/puppy_description/share/puppy_description/meshes/rb_link1.STL
[0.113s] -- Up-to-date: /workspace/install/puppy_description/share/puppy_description/meshes/rf_link1.STL
[0.113s] -- Up-to-date: /workspace/install/puppy_description/share/puppy_description/meshes/camera_link.STL
[0.114s] -- Up-to-date: /workspace/install/puppy_description/share/puppy_description/launch
[0.114s] -- Up-to-date: /workspace/install/puppy_description/share/puppy_description/launch/mesh_test.launch.py
[0.115s] -- Up-to-date: /workspace/install/puppy_description/share/puppy_description/launch/gazebo_ignition.launch.py
[0.115s] -- Up-to-date: /workspace/install/puppy_description/share/puppy_description/launch/test_gazebo.launch.py
[0.115s] -- Up-to-date: /workspace/install/puppy_description/share/puppy_description/launch/simple_gazebo.launch.py
[0.115s] -- Up-to-date: /workspace/install/puppy_description/share/puppy_description/launch/display.launch.py
[0.116s] -- Up-to-date: /workspace/install/puppy_description/share/puppy_description/config
[0.116s] -- Up-to-date: /workspace/install/puppy_description/share/puppy_description/config/gazebo_controllers.yaml
[0.116s] -- Up-to-date: /workspace/install/puppy_description/share/puppy_description/config/display.rviz
[0.118s] -- Up-to-date: /workspace/install/puppy_description/share/ament_index/resource_index/package_run_dependencies/puppy_description
[0.119s] -- Up-to-date: /workspace/install/puppy_description/share/ament_index/resource_index/parent_prefix_path/puppy_description
[0.120s] -- Up-to-date: /workspace/install/puppy_description/share/puppy_description/environment/ament_prefix_path.sh
[0.120s] -- Up-to-date: /workspace/install/puppy_description/share/puppy_description/environment/ament_prefix_path.dsv
[0.120s] -- Up-to-date: /workspace/install/puppy_description/share/puppy_description/environment/path.sh
[0.122s] -- Up-to-date: /workspace/install/puppy_description/share/puppy_description/environment/path.dsv
[0.122s] -- Up-to-date: /workspace/install/puppy_description/share/puppy_description/local_setup.bash
[0.123s] -- Up-to-date: /workspace/install/puppy_description/share/puppy_description/local_setup.sh
[0.123s] -- Up-to-date: /workspace/install/puppy_description/share/puppy_description/local_setup.zsh
[0.123s] -- Up-to-date: /workspace/install/puppy_description/share/puppy_description/local_setup.dsv
[0.123s] -- Up-to-date: /workspace/install/puppy_description/share/puppy_description/package.dsv
[0.124s] -- Up-to-date: /workspace/install/puppy_description/share/ament_index/resource_index/packages/puppy_description
[0.124s] -- Up-to-date: /workspace/install/puppy_description/share/puppy_description/cmake/puppy_descriptionConfig.cmake
[0.124s] -- Up-to-date: /workspace/install/puppy_description/share/puppy_description/cmake/puppy_descriptionConfig-version.cmake
[0.124s] -- Up-to-date: /workspace/install/puppy_description/share/puppy_description/package.xml
[0.125s] Invoked command in '/workspace/build/puppy_description' returned '0': CMAKE_PREFIX_PATH=/opt/ros/humble /usr/bin/cmake --install /workspace/build/puppy_description
